// Jest Snapshot v1, https://goo.gl/fbAQLP

exports[`Layout::LayoutContent rendering should be match with snapshot 1`] = `
<div
  className="layout__main-content-wrapper"
  role="main"
>
  <div
    className="layout__main-content"
  />
</div>
`;
