// Jest Snapshot v1, https://goo.gl/fbAQLP

exports[`Badge rendering should be match with snapshot 1`] = `
<span
  className="badge badge--grey badge--role-status"
  data-testid="badge-default"
/>
`;
