// Jest Snapshot v1, https://goo.gl/fbAQLP

exports[`Layout::LayoutHeader rendering should be match with snapshot 1`] = `
<div
  className="layout__main-header"
  role="banner"
/>
`;
