// Jest Snapshot v1, https://goo.gl/fbAQLP

exports[`Layout::LayoutAware api should mount properly 1`] = `
<div>
  content
</div>
`;

exports[`Layout::LayoutAware api should shallow properly 1`] = `
<ContextConsumer>
  <Component />
</ContextConsumer>
`;
