// Jest Snapshot v1, https://goo.gl/fbAQLP

exports[`Header::HeaderTitleAddon rendering should be match with snapshot 1`] = `""`;
