// Jest Snapshot v1, https://goo.gl/fbAQLP

exports[`Header::HeaderTitle rendering should be match with snapshot 1`] = `<h1 />`;
