// Jest Snapshot v1, https://goo.gl/fbAQLP

exports[`Search rendering should be match with snapshot Description exist 1`] = `
<div
  className="search"
  data-testid="search-default"
>
  <div
    className="search__wrapper"
  >
    <div
      className="row flex-nowrap no-gutters"
      role="presentation"
    >
      <div
        className="col flex-fill"
        role="presentation"
      >
        <div
          className="search__input"
          role="search"
        >
          <input
            aria-invalid={false}
            aria-label="Search field"
            className="input"
            data-testid="input-default"
            disabled={false}
            hidden={false}
            name="search"
            onBlur={[Function]}
            onChange={[Function]}
            onClick={[Function]}
            onFocus={[Function]}
            onKeyPress={[Function]}
            onMouseDown={[Function]}
            placeholder="Search"
            readOnly={false}
            tabIndex={0}
            type="search"
            value=""
          />
          <button
            className="sc-bdfBwQ gjsWpT btn search__btn-submit btn--default btn--icon btn--is-uppercase btn--is-text btn--is-disabled"
            data-testid="btn-default"
            disabled={true}
            onBlur={[Function]}
            onClick={[Function]}
            role="button"
            type="button"
          >
            <span
              className="btn__icon"
              data-testid="btn-icon-default"
            >
              <span
                className="icon icon--size-md"
                data-testid="icon"
                title="Search"
              >
                <svg
                  aria-hidden="true"
                  className="icon__svg"
                  focusable="false"
                  role="presentation"
                  viewBox="0 0 24 24"
                >
                  <g>
                    <path
                      d="M15.5 14h-.79l-.28-.27C15.41 12.59 16 11.11 16 9.5 16 5.91 13.09 3 9.5 3S3 5.91 3 9.5 5.91 16 9.5 16c1.61 0 3.09-.59 4.23-1.57l.27.28v.79l5 4.99L20.49 19l-4.99-5zm-6 0C7.01 14 5 11.99 5 9.5S7.01 5 9.5 5 14 7.01 14 9.5 11.99 14 9.5 14z"
                    />
                    <path
                      d="M0 0h24v24H0z"
                      fill="none"
                    />
                  </g>
                </svg>
              </span>
            </span>
            <span
              className="btn__hover"
            />
            <span
              className="btn__focused"
            />
            <span
              className="btn__pressed"
            />
          </button>
        </div>
      </div>
    </div>
  </div>
</div>
`;

exports[`Search rendering should be match with snapshot Heading exist 1`] = `
<div
  className="search"
  data-testid="search-default"
>
  <div
    className="search__wrapper"
  >
    <div
      className="row flex-nowrap no-gutters"
      role="presentation"
    >
      <div
        className="col flex-fill"
        role="presentation"
      >
        <div
          className="search__input"
          role="search"
        >
          <input
            aria-invalid={false}
            aria-label="Search field"
            className="input"
            data-testid="input-default"
            disabled={false}
            hidden={false}
            name="search"
            onBlur={[Function]}
            onChange={[Function]}
            onClick={[Function]}
            onFocus={[Function]}
            onKeyPress={[Function]}
            onMouseDown={[Function]}
            placeholder="Search"
            readOnly={false}
            tabIndex={0}
            type="search"
            value=""
          />
          <button
            className="sc-bdfBwQ gjsWpT btn search__btn-submit btn--default btn--icon btn--is-uppercase btn--is-text btn--is-disabled"
            data-testid="btn-default"
            disabled={true}
            onBlur={[Function]}
            onClick={[Function]}
            role="button"
            type="button"
          >
            <span
              className="btn__icon"
              data-testid="btn-icon-default"
            >
              <span
                className="icon icon--size-md"
                data-testid="icon"
                title="Search"
              >
                <svg
                  aria-hidden="true"
                  className="icon__svg"
                  focusable="false"
                  role="presentation"
                  viewBox="0 0 24 24"
                >
                  <g>
                    <path
                      d="M15.5 14h-.79l-.28-.27C15.41 12.59 16 11.11 16 9.5 16 5.91 13.09 3 9.5 3S3 5.91 3 9.5 5.91 16 9.5 16c1.61 0 3.09-.59 4.23-1.57l.27.28v.79l5 4.99L20.49 19l-4.99-5zm-6 0C7.01 14 5 11.99 5 9.5S7.01 5 9.5 5 14 7.01 14 9.5 11.99 14 9.5 14z"
                    />
                    <path
                      d="M0 0h24v24H0z"
                      fill="none"
                    />
                  </g>
                </svg>
              </span>
            </span>
            <span
              className="btn__hover"
            />
            <span
              className="btn__focused"
            />
            <span
              className="btn__pressed"
            />
          </button>
        </div>
      </div>
    </div>
  </div>
</div>
`;
