// Jest Snapshot v1, https://goo.gl/fbAQLP

exports[`Image rendering should be match with snapshot: 1 1`] = `
<img
  className="sc-bdfBwQ gjsWpT image"
  data-testid="image-default"
  role="img"
/>
`;
