// Jest Snapshot v1, https://goo.gl/fbAQLP

exports[`FilterButtons rendering should be match with snapshot 1`] = `""`;
