// Jest Snapshot v1, https://goo.gl/fbAQLP

exports[`Header rendering should be match with snapshot 1`] = `
Array [
  <div
    className="header-wrapper"
  >
    <div
      className="header"
    >
      <div
        className="header__base"
      >
        <div
          className="header__top"
        >
          <div
            className="header__title-wrapper"
          >
            <div
              className="header__title-block-wrapper"
            >
              <div
                className="header__title-block"
              >
                <h1 />
              </div>
            </div>
          </div>
        </div>
      </div>
    </div>
  </div>,
  <div
    className="header-wrapper__spacing"
  />,
]
`;
