// Jest Snapshot v1, https://goo.gl/fbAQLP

exports[`Search::SearchClearButton rendering should be match with snapshot when no value exist 1`] = `""`;

exports[`Search::SearchClearButton rendering should be match with snapshot when we have some value 1`] = `
<button
  className="sc-bdfBwQ gjsWpT btn search__btn-clear btn--default btn--icon btn--is-uppercase btn--is-text"
  data-testid="btn-default"
  onBlur={[Function]}
  onClick={[Function]}
  role="button"
  type="button"
>
  <span
    className="btn__icon"
    data-testid="btn-icon-default"
  >
    <span
      className="icon icon--size-md"
      data-testid="icon"
      title="Clear"
    >
      <svg
        aria-hidden="true"
        className="icon__svg"
        focusable="false"
        role="presentation"
        viewBox="0 0 24 24"
      >
        <g>
          <path
            d="M12 2C6.47 2 2 6.47 2 12s4.47 10 10 10 10-4.47 10-10S17.53 2 12 2zm5 13.59L15.59 17 12 13.41 8.41 17 7 15.59 10.59 12 7 8.41 8.41 7 12 10.59 15.59 7 17 8.41 13.41 12 17 15.59z"
          />
          <path
            d="M0 0h24v24H0z"
            fill="none"
          />
        </g>
      </svg>
    </span>
  </span>
  <span
    className="btn__hover"
  />
  <span
    className="btn__focused"
  />
  <span
    className="btn__pressed"
  />
</button>
`;
